mkdir: %_DEST%\inc%_EXT%\icu
mkdir: %_DEST%\inc%_EXT%\external\icu
mkdir: %_DEST%\inc%_EXT%\external\unicode
..\%__SRC%\misc\build\icu\source\common\unicode\*.h %_DEST%\inc%_EXT%\external\unicode\*.h
..\%__SRC%\misc\build\icu\source\i18n\unicode\*.h %_DEST%\inc%_EXT%\external\unicode\*.h

..\%__SRC%\lib\*.a %_DEST%\lib%_EXT%\*.a
..\%__SRC%\lib\*.lib %_DEST%\lib%_EXT%\*.lib

..\%__SRC%\bin\icudt78.dll %_DEST%\bin%_EXT%\icudt78.dll
..\%__SRC%\bin\icuin78.dll %_DEST%\bin%_EXT%\icuin78.dll
..\%__SRC%\bin\icutu78.dll %_DEST%\bin%_EXT%\icutu78.dll
..\%__SRC%\bin\icuuc78.dll %_DEST%\bin%_EXT%\icuuc78.dll

..\%__SRC%\bin\genccode     %_DEST%\bin%_EXT%\genccode
..\%__SRC%\bin\genccode.exe %_DEST%\bin%_EXT%\genccode.exe
..\%__SRC%\bin\genbrk       %_DEST%\bin%_EXT%\genbrk
..\%__SRC%\bin\genbrk.exe   %_DEST%\bin%_EXT%\genbrk.exe
..\%__SRC%\bin\gencmn       %_DEST%\bin%_EXT%\gencmn
..\%__SRC%\bin\gencmn.exe   %_DEST%\bin%_EXT%\gencmn.exe

..\%__SRC%\lib\libicudata.so*       %_DEST%\lib%_EXT%\
..\%__SRC%\lib\libicui18n.so*       %_DEST%\lib%_EXT%\
..\%__SRC%\lib\libicuuc.so*         %_DEST%\lib%_EXT%\
..\%__SRC%\lib\libicutu.so*         %_DEST%\lib%_EXT%\
..\icuversion.mk %_DEST%\inc%_EXT%\icuversion.mk

linklib: libicudata.so*
linklib: libicui18n.so*
linklib: libicuuc.so*
linklib: libicutu.so*
